// Jest Snapshot v1, https://goo.gl/fbAQLP

exports[`Main should match snapshot 1`] = `
ShallowWrapper {
  Symbol(enzyme.__root__): [Circular],
  Symbol(enzyme.__unrendered__): <Main
    cards={
      Array [
        Object {},
        Object {},
        Object {},
      ]
    }
    resetState={[MockFunction]}
  />,
  Symbol(enzyme.__renderer__): Object {
    "batchedUpdates": [Function],
    "checkPropTypes": [Function],
    "getNode": [Function],
    "render": [Function],
    "simulateError": [Function],
    "simulateEvent": [Function],
    "unmount": [Function],
  },
  Symbol(enzyme.__node__): Object {
    "instance": null,
    "key": undefined,
    "nodeType": "host",
    "props": Object {
      "children": <Card
        cardNumber={0}
        frontContent={Object {}}
        increaseCardNumber={[Function]}
        nextCard={[Function]}
        prevCard={[Function]}
        resetState={[MockFunction]}
      />,
      "className": "main",
    },
    "ref": null,
    "rendered": Object {
      "instance": null,
      "key": undefined,
      "nodeType": "class",
      "props": Object {
        "answers": undefined,
        "backContent": undefined,
        "cardNumber": 0,
        "correctAnswer": undefined,
        "frontContent": Object {},
        "increaseCardNumber": [Function],
        "nextCard": [Function],
        "prevCard": [Function],
        "resetState": [MockFunction],
      },
      "ref": null,
      "rendered": null,
      "type": [Function],
    },
    "type": "div",
  },
  Symbol(enzyme.__nodes__): Array [
    Object {
      "instance": null,
      "key": undefined,
      "nodeType": "host",
      "props": Object {
        "children": <Card
          cardNumber={0}
          frontContent={Object {}}
          increaseCardNumber={[Function]}
          nextCard={[Function]}
          prevCard={[Function]}
          resetState={[MockFunction]}
        />,
        "className": "main",
      },
      "ref": null,
      "rendered": Object {
        "instance": null,
        "key": undefined,
        "nodeType": "class",
        "props": Object {
          "answers": undefined,
          "backContent": undefined,
          "cardNumber": 0,
          "correctAnswer": undefined,
          "frontContent": Object {},
          "increaseCardNumber": [Function],
          "nextCard": [Function],
          "prevCard": [Function],
          "resetState": [MockFunction],
        },
        "ref": null,
        "rendered": null,
        "type": [Function],
      },
      "type": "div",
    },
  ],
  Symbol(enzyme.__options__): Object {
    "adapter": ReactSixteenAdapter {
      "options": Object {
        "enableComponentDidUpdateOnSetState": true,
        "legacyContextMode": "parent",
        "lifecycles": Object {
          "componentDidUpdate": Object {
            "onSetState": true,
          },
          "getChildContext": Object {
            "calledByRenderer": false,
          },
          "getDerivedStateFromProps": true,
          "getSnapshotBeforeUpdate": true,
          "setState": Object {
            "skipsComponentDidUpdateOnNullish": true,
          },
        },
      },
    },
  },
  Symbol(enzyme.__childContext__): null,
}
`;
